// Jest Snapshot v1, https://goo.gl/fbAQLP

exports[`renders ImageItem.js correctly 1`] = `
<li
  className="list-item"
>
  <h2 />
  <img
    alt=""
  />
  <p />
  <h5>
    Keyword: 
  </h5>
  <h5>
    Horns: 
  </h5>
</li>
`;
